mad/The Destroyer From Jail (Korea).mad: field year could not be parsed as int
